============================= test session starts =============================
platform win32 -- Python 3.14.2, pytest-9.0.2, pluggy-1.6.0 -- C:\Users\Rodrigo\AppData\Local\Programs\Python\Python314\python.exe
cachedir: .pytest_cache
django: version: 6.0.1, settings: caixa_nfse.settings.test (from ini)
rootdir: C:\Users\Rodrigo\Projetos\wCaixaDigital
configfile: pytest.ini (WARNING: ignoring pytest config in pyproject.toml!)
plugins: anyio-4.12.1, Faker-40.1.2, django-4.11.1
collecting ... collected 36 items

caixa_nfse/caixa/tests/test_forms.py::TestMovimentoCaixaForm::test_clean_valor_formato_brasileiro PASSED [  2%]
caixa_nfse/caixa/tests/test_forms.py::TestMovimentoCaixaForm::test_clean_valor_simples PASSED [  5%]
caixa_nfse/caixa/tests/test_forms.py::TestMovimentoCaixaForm::test_clean_valor_com_rs PASSED [  8%]
caixa_nfse/caixa/tests/test_forms.py::TestMovimentoCaixaForm::test_clean_valor_vazio_retorna_zero PASSED [ 11%]
caixa_nfse/caixa/tests/test_forms.py::TestMovimentoCaixaForm::test_clean_valor_invalido PASSED [ 13%]
caixa_nfse/caixa/tests/test_forms.py::TestMovimentoCaixaForm::test_tipo_inicial_entrada PASSED [ 16%]
caixa_nfse/caixa/tests/test_forms.py::TestFechamentoCaixaForm::test_clean_saldo_informado_formato_brasileiro PASSED [ 19%]
caixa_nfse/caixa/tests/test_forms.py::TestFechamentoCaixaForm::test_clean_saldo_informado_simples PASSED [ 22%]
caixa_nfse/caixa/tests/test_forms.py::TestFechamentoCaixaForm::test_clean_saldo_vazio_erro PASSED [ 25%]
caixa_nfse/caixa/tests/test_forms.py::TestFechamentoCaixaForm::test_justificativa_obrigatoria_com_diferenca PASSED [ 27%]
caixa_nfse/caixa/tests/test_forms.py::TestFechamentoCaixaForm::test_justificativa_nao_obrigatoria_sem_diferenca PASSED [ 30%]
caixa_nfse/caixa/tests/test_forms.py::TestFechamentoCaixaForm::test_diferenca_pequena_tolerada PASSED [ 33%]
caixa_nfse/caixa/tests/test_forms.py::TestAbrirCaixaForm::test_form_fields PASSED [ 36%]
caixa_nfse/caixa/tests/test_forms.py::TestAbrirCaixaForm::test_valid_form PASSED [ 38%]
caixa_nfse/caixa/tests/test_models.py::TestCaixaModel::test_create_caixa PASSED [ 41%]
caixa_nfse/caixa/tests/test_models.py::TestCaixaModel::test_caixa_str PASSED [ 44%]
caixa_nfse/caixa/tests/test_models.py::TestCaixaModel::test_caixa_status_inicial PASSED [ 47%]
caixa_nfse/caixa/tests/test_models.py::TestCaixaModel::test_caixa_esta_aberto_false PASSED [ 50%]
caixa_nfse/caixa/tests/test_models.py::TestCaixaModel::test_caixa_unique_identificador_per_tenant PASSED [ 52%]
caixa_nfse/caixa/tests/test_models.py::TestAberturaCaixaModel::test_create_abertura PASSED [ 55%]
caixa_nfse/caixa/tests/test_models.py::TestAberturaCaixaModel::test_saldo_movimentos_sem_movimentos PASSED [ 58%]
caixa_nfse/caixa/tests/test_models.py::TestAberturaCaixaModel::test_saldo_movimentos_com_entrada ERROR [ 61%]
caixa_nfse/caixa/tests/test_models.py::TestAberturaCaixaModel::test_saldo_movimentos_com_saida ERROR [ 63%]
caixa_nfse/caixa/tests/test_models.py::TestAberturaCaixaModel::test_total_entradas ERROR [ 66%]
caixa_nfse/caixa/tests/test_models.py::TestAberturaCaixaModel::test_total_saidas ERROR [ 69%]
caixa_nfse/caixa/tests/test_models.py::TestAberturaCaixaModel::test_is_operacional_hoje PASSED [ 72%]
caixa_nfse/caixa/tests/test_models.py::TestMovimentoCaixaModel::test_create_movimento ERROR [ 75%]
caixa_nfse/caixa/tests/test_models.py::TestMovimentoCaixaModel::test_movimento_is_entrada ERROR [ 77%]
caixa_nfse/caixa/tests/test_models.py::TestMovimentoCaixaModel::test_movimento_is_saida ERROR [ 80%]
caixa_nfse/caixa/tests/test_models.py::TestMovimentoCaixaModel::test_movimento_sangria_is_saida ERROR [ 83%]
caixa_nfse/caixa/tests/test_models.py::TestMovimentoCaixaModel::test_movimento_suprimento_is_entrada ERROR [ 86%]
caixa_nfse/caixa/tests/test_models.py::TestFechamentoCaixaModel::test_create_fechamento PASSED [ 88%]
caixa_nfse/caixa/tests/test_models.py::TestFechamentoCaixaModel::test_fechamento_diferenca_zero PASSED [ 91%]
caixa_nfse/caixa/tests/test_models.py::TestFechamentoCaixaModel::test_fechamento_diferenca_positiva PASSED [ 94%]
caixa_nfse/caixa/tests/test_models.py::TestFechamentoCaixaModel::test_fechamento_diferenca_negativa PASSED [ 97%]
caixa_nfse/caixa/tests/test_models.py::TestFechamentoCaixaModel::test_fechamento_status_inicial PASSED [100%]

=================================== ERRORS ====================================
_ ERROR at setup of TestAberturaCaixaModel.test_saldo_movimentos_com_entrada __
caixa_nfse\conftest.py:79: in forma_pagamento
    from caixa_nfse.fiscal.models import FormaPagamento
E   ImportError: cannot import name 'FormaPagamento' from 'caixa_nfse.fiscal.models' (C:\Users\Rodrigo\Projetos\wCaixaDigital\caixa_nfse\fiscal\models.py)
__ ERROR at setup of TestAberturaCaixaModel.test_saldo_movimentos_com_saida ___
caixa_nfse\conftest.py:79: in forma_pagamento
    from caixa_nfse.fiscal.models import FormaPagamento
E   ImportError: cannot import name 'FormaPagamento' from 'caixa_nfse.fiscal.models' (C:\Users\Rodrigo\Projetos\wCaixaDigital\caixa_nfse\fiscal\models.py)
________ ERROR at setup of TestAberturaCaixaModel.test_total_entradas _________
caixa_nfse\conftest.py:79: in forma_pagamento
    from caixa_nfse.fiscal.models import FormaPagamento
E   ImportError: cannot import name 'FormaPagamento' from 'caixa_nfse.fiscal.models' (C:\Users\Rodrigo\Projetos\wCaixaDigital\caixa_nfse\fiscal\models.py)
_________ ERROR at setup of TestAberturaCaixaModel.test_total_saidas __________
caixa_nfse\conftest.py:79: in forma_pagamento
    from caixa_nfse.fiscal.models import FormaPagamento
E   ImportError: cannot import name 'FormaPagamento' from 'caixa_nfse.fiscal.models' (C:\Users\Rodrigo\Projetos\wCaixaDigital\caixa_nfse\fiscal\models.py)
_______ ERROR at setup of TestMovimentoCaixaModel.test_create_movimento _______
caixa_nfse\conftest.py:79: in forma_pagamento
    from caixa_nfse.fiscal.models import FormaPagamento
E   ImportError: cannot import name 'FormaPagamento' from 'caixa_nfse.fiscal.models' (C:\Users\Rodrigo\Projetos\wCaixaDigital\caixa_nfse\fiscal\models.py)
_____ ERROR at setup of TestMovimentoCaixaModel.test_movimento_is_entrada _____
caixa_nfse\conftest.py:79: in forma_pagamento
    from caixa_nfse.fiscal.models import FormaPagamento
E   ImportError: cannot import name 'FormaPagamento' from 'caixa_nfse.fiscal.models' (C:\Users\Rodrigo\Projetos\wCaixaDigital\caixa_nfse\fiscal\models.py)
______ ERROR at setup of TestMovimentoCaixaModel.test_movimento_is_saida ______
caixa_nfse\conftest.py:79: in forma_pagamento
    from caixa_nfse.fiscal.models import FormaPagamento
E   ImportError: cannot import name 'FormaPagamento' from 'caixa_nfse.fiscal.models' (C:\Users\Rodrigo\Projetos\wCaixaDigital\caixa_nfse\fiscal\models.py)
__ ERROR at setup of TestMovimentoCaixaModel.test_movimento_sangria_is_saida __
caixa_nfse\conftest.py:79: in forma_pagamento
    from caixa_nfse.fiscal.models import FormaPagamento
E   ImportError: cannot import name 'FormaPagamento' from 'caixa_nfse.fiscal.models' (C:\Users\Rodrigo\Projetos\wCaixaDigital\caixa_nfse\fiscal\models.py)
_ ERROR at setup of TestMovimentoCaixaModel.test_movimento_suprimento_is_entrada _
caixa_nfse\conftest.py:79: in forma_pagamento
    from caixa_nfse.fiscal.models import FormaPagamento
E   ImportError: cannot import name 'FormaPagamento' from 'caixa_nfse.fiscal.models' (C:\Users\Rodrigo\Projetos\wCaixaDigital\caixa_nfse\fiscal\models.py)
=========================== short test summary info ===========================
ERROR caixa_nfse/caixa/tests/test_models.py::TestAberturaCaixaModel::test_saldo_movimentos_com_entrada
ERROR caixa_nfse/caixa/tests/test_models.py::TestAberturaCaixaModel::test_saldo_movimentos_com_saida
ERROR caixa_nfse/caixa/tests/test_models.py::TestAberturaCaixaModel::test_total_entradas
ERROR caixa_nfse/caixa/tests/test_models.py::TestAberturaCaixaModel::test_total_saidas
ERROR caixa_nfse/caixa/tests/test_models.py::TestMovimentoCaixaModel::test_create_movimento
ERROR caixa_nfse/caixa/tests/test_models.py::TestMovimentoCaixaModel::test_movimento_is_entrada
ERROR caixa_nfse/caixa/tests/test_models.py::TestMovimentoCaixaModel::test_movimento_is_saida
ERROR caixa_nfse/caixa/tests/test_models.py::TestMovimentoCaixaModel::test_movimento_sangria_is_saida
ERROR caixa_nfse/caixa/tests/test_models.py::TestMovimentoCaixaModel::test_movimento_suprimento_is_entrada
======================== 27 passed, 9 errors in 1.45s =========================
